sizeof: 4, length: 5

sizeof: 4, length: 5
00000000 01000000 02000000
sizeof: 4, length: 5
05000000
00000000 01000000 02000000 03000000 04000000
sizeof: 4, length: 5
05000000 06000000 07000000 08000000
00000000 01000000 02000000 03000000 04000000
sizeof: 4, length: 5
0A000000 0B000000
05000000 06000000 07000000 08000000 09000000
00000000 01000000 02000000 03000000 04000000
sizeof: 4, length: 5
0A000000 0B000000 0C000000 0D000000 0E000000
05000000 06000000 07000000 08000000 09000000
00000000 01000000 02000000 03000000 04000000
sizeof: 4, length: 5
0F000000 10000000 11000000
0A000000 0B000000 0C000000 0D000000 0E000000
05000000 06000000 07000000 08000000 09000000
00000000 01000000 02000000 03000000 04000000
sizeof: 4, length: 5
14000000
0F000000 10000000 11000000 12000000 13000000
0A000000 0B000000 0C000000 0D000000 0E000000
05000000 06000000 07000000 08000000 09000000
00000000 01000000 02000000 03000000 04000000
